
 RUN  v4.0.18 /home/matt/moltbot

stdout | src/telegram/goal-commands.test.ts > goal-commands telegram adapter > registerTelegramGoalCommands /new_goal > allows concurrent planning requests in the same chat
[typing] goal start chatId=42
[typing] goal stop chatId=42
[typing] goal start chatId=42

stdout | src/telegram/goal-commands.test.ts > goal-commands telegram adapter > registerTelegramGoalCommands /new_goal > allows concurrent planning requests in the same chat
[typing] goal stop chatId=42

stdout | src/telegram/goal-commands.test.ts > goal-commands telegram adapter > registerTelegramGoalCommands /new_goal > sets a new_goal anchor after a buffered command flush
[typing] goal start chatId=42

stdout | src/telegram/goal-commands.test.ts > goal-commands telegram adapter > registerTelegramGoalCommands /new_goal
[typing] goal stop chatId=42

stdout | src/telegram/goal-commands.test.ts > goal-commands telegram adapter > registerTelegramGoalCommands /new_goal > routes appended anchor text through the same planner dispatch helper
[typing] goal start chatId=42

stdout | src/telegram/goal-commands.test.ts > goal-commands telegram adapter > registerTelegramGoalCommands /new_goal > routes appended anchor text through the same planner dispatch helper
[typing] goal stop chatId=42
[typing] goal start chatId=42

stdout | src/telegram/goal-commands.test.ts > goal-commands telegram adapter > registerTelegramGoalCommands /new_goal > routes appended anchor text through the same planner dispatch helper
[typing] goal stop chatId=42

stdout | src/telegram/goal-commands.test.ts > goal-commands telegram adapter > registerTelegramGoalCommands approve/resume reply threading > threads replies for ga callback preface and run-not-found errors
[typing] callback:approve start chatId=42

stdout | src/telegram/goal-commands.test.ts > goal-commands telegram adapter > registerTelegramGoalCommands approve/resume reply threading > threads replies for ga callback preface and run-not-found errors
[typing] callback:approve stop chatId=42

stdout | src/telegram/goal-commands.test.ts > goal-commands telegram adapter > registerTelegramGoalCommands approve/resume reply threading > threads replies for gResume callback preface and run-not-found errors
[typing] callback:resume start chatId=42

stdout | src/telegram/goal-commands.test.ts > goal-commands telegram adapter > registerTelegramGoalCommands approve/resume reply threading > threads replies for gResume callback preface and run-not-found errors
[typing] callback:resume stop chatId=42

stdout | src/telegram/goal-commands.test.ts > goal-commands telegram adapter > registerTelegramGoalCommands approve/resume reply threading > threads replies for /goal_approve preface and run-not-found errors
[typing] goal_approve start chatId=42

stdout | src/telegram/goal-commands.test.ts > goal-commands telegram adapter > registerTelegramGoalCommands approve/resume reply threading > threads replies for /goal_approve preface and run-not-found errors
[typing] goal_approve stop chatId=42

stdout | src/telegram/goal-commands.test.ts > goal-commands telegram adapter > registerTelegramGoalCommands approve/resume reply threading > threads replies for /goal_resume preface and run-not-found errors
[typing] goal_resume start chatId=42

stdout | src/telegram/goal-commands.test.ts > goal-commands telegram adapter > registerTelegramGoalCommands approve/resume reply threading > threads replies for /goal_resume preface and run-not-found errors
[typing] goal_resume stop chatId=42

stdout | src/telegram/goal-commands.test.ts > goal-commands telegram adapter > registerTelegramGoalCommands approve/resume reply threading > threads replies for /goal_answer usage, run-not-found, and lock responses
[typing] goal_answer start chatId=42

stdout | src/telegram/goal-commands.test.ts > goal-commands telegram adapter > registerTelegramGoalCommands approve/resume reply threading > threads replies for /goal_answer usage, run-not-found, and lock responses
[typing] goal_answer stop chatId=42

stdout | src/telegram/goal-commands.test.ts > goal-commands telegram adapter > registerTelegramGoalCommands approve/resume reply threading > threads replies for /goal_feedback usage, run-not-found, and lock responses
[typing] goal_feedback start chatId=42

stdout | src/telegram/goal-commands.test.ts > goal-commands telegram adapter > registerTelegramGoalCommands approve/resume reply threading > threads replies for /goal_feedback usage, run-not-found, and lock responses
[typing] goal_feedback stop chatId=42

stdout | src/telegram/goal-commands.test.ts > goal-commands telegram adapter > registerTelegramGoalCommands approve/resume reply threading > threads replies for /goal_answer background string results
[typing] goal_answer start chatId=42

stdout | src/telegram/goal-commands.test.ts > goal-commands telegram adapter > registerTelegramGoalCommands approve/resume reply threading > threads replies for /goal_answer background string results
[typing] goal_answer stop chatId=42

stdout | src/telegram/goal-commands.test.ts > goal-commands telegram adapter > registerTelegramGoalCommands approve/resume reply threading > threads replies for /goal_answer background plan results
[typing] goal_answer start chatId=42

stdout | src/telegram/goal-commands.test.ts > goal-commands telegram adapter > registerTelegramGoalCommands approve/resume reply threading > threads replies for /goal_answer background plan results
[typing] goal_answer stop chatId=42

stdout | src/telegram/goal-commands.test.ts > goal-commands telegram adapter > registerTelegramGoalCommands approve/resume reply threading > threads replies for /goal_feedback background string results
[typing] goal_feedback start chatId=42

stdout | src/telegram/goal-commands.test.ts > goal-commands telegram adapter > registerTelegramGoalCommands approve/resume reply threading > threads replies for /goal_feedback background string results
[typing] goal_feedback stop chatId=42

stdout | src/telegram/goal-commands.test.ts > goal-commands telegram adapter > registerTelegramGoalCommands approve/resume reply threading > threads replies for /goal_edit background preface and result
[typing] goal_edit start chatId=42

stdout | src/telegram/goal-commands.test.ts > goal-commands telegram adapter > registerTelegramGoalCommands approve/resume reply threading > threads replies for /goal_edit background preface and result
[typing] goal_edit stop chatId=42

stdout | src/telegram/goal-commands.test.ts > goal-commands telegram adapter > withChatAction > calls sendChatAction before and during fn execution
[typing] test start chatId=42

stdout | src/telegram/goal-commands.test.ts > goal-commands telegram adapter > withChatAction > calls sendChatAction before and during fn execution
[typing] test stop chatId=42

stdout | src/telegram/goal-commands.test.ts > goal-commands telegram adapter > withChatAction > passes message_thread_id when threadId is provided
[typing] start chatId=42 threadId=7

stdout | src/telegram/goal-commands.test.ts > goal-commands telegram adapter > withChatAction > passes message_thread_id when threadId is provided
[typing] stop chatId=42

stdout | src/telegram/goal-commands.test.ts > goal-commands telegram adapter > withChatAction > clears interval even if fn throws
[typing] start chatId=42

stdout | src/telegram/goal-commands.test.ts > goal-commands telegram adapter > withChatAction > clears interval even if fn throws
[typing] stop chatId=42

stdout | src/telegram/goal-commands.test.ts > goal-commands telegram adapter > withChatAction > does not throw when sendChatAction rejects
[typing] start chatId=42

stdout | src/telegram/goal-commands.test.ts > goal-commands telegram adapter > withChatAction > does not throw when sendChatAction rejects
[typing] sendChatAction error chatId=42: API error
[typing] stop chatId=42

stdout | src/telegram/goal-commands.test.ts > goal-commands telegram adapter > runGoalInBackground > sends start preface before background work starts
[typing] start-test start chatId=42

stdout | src/telegram/goal-commands.test.ts > goal-commands telegram adapter > runGoalInBackground > sends start preface before background work starts
[typing] start-test stop chatId=42

stdout | src/telegram/goal-commands.test.ts > goal-commands telegram adapter > runGoalInBackground > sends resume preface before background work starts
[typing] resume-test start chatId=42

stdout | src/telegram/goal-commands.test.ts > goal-commands telegram adapter > runGoalInBackground > sends resume preface before background work starts
[typing] resume-test stop chatId=42

stdout | src/telegram/goal-commands.test.ts > goal-commands telegram adapter > runGoalInBackground > threads reply parameters into the preface acknowledgement
[typing] reply-param-test start chatId=42

stdout | src/telegram/goal-commands.test.ts > goal-commands telegram adapter > runGoalInBackground > threads reply parameters into the preface acknowledgement
[typing] reply-param-test stop chatId=42

stdout | src/telegram/goal-commands.test.ts > goal-commands telegram adapter > startTypingLoop > sends typing action immediately on start
[typing] test start chatId=42
[typing] test stop chatId=42

stdout | src/telegram/goal-commands.test.ts > goal-commands telegram adapter > startTypingLoop > stops cleanly via stop() — no more calls after stop
[typing] start chatId=42
[typing] stop chatId=42

stdout | src/telegram/goal-commands.test.ts > goal-commands telegram adapter > startTypingLoop > prevents per-chat overlap (stops previous loop)
[typing] first start chatId=42
[typing] first stop chatId=42
[typing] second start chatId=42
[typing] second stop chatId=42

stdout | src/telegram/goal-commands.test.ts > goal-commands telegram adapter > startTypingLoop > keeps independent loops for different threadIds
[typing] start chatId=42 threadId=1
[typing] start chatId=42 threadId=2
[typing] stop chatId=42
[typing] stop chatId=42

stdout | src/telegram/goal-commands.test.ts > goal-commands telegram adapter > startTypingLoop > does not throw when sendChatAction rejects
[typing] start chatId=42
[typing] stop chatId=42
[typing] sendChatAction error chatId=42: API error

stdout | src/telegram/goal-commands.test.ts > goal-commands telegram adapter > startTypingLoop > stop() is idempotent
[typing] start chatId=42
[typing] stop chatId=42

stdout | src/telegram/goal-commands.test.ts > goal-commands telegram adapter > startTypingLoop > uses raw API when threadId is provided
[typing] start chatId=42 threadId=7
[typing] stop chatId=42

 ✓ src/telegram/goal-commands.test.ts (196 tests) 4422ms
       ✓ captures log and error output  3227ms

 Test Files  1 passed (1)
      Tests  196 passed (196)
   Start at  16:20:44
   Duration  5.73s (transform 3.28s, setup 229ms, import 812ms, tests 4.42s, environment 0ms)

