CLAIM 16: Guardrails — hard-deny / capability enforcement

GOAL: Verify hard-deny / capability enforcement behavior with a safe denial test.
Do not run dangerous commands. Use a harmless fake forbidden action to trigger denial.

== STATIC CODE EVIDENCE ==

Hard-deny rule table and matchers:
- src/goal/hard-deny.ts:7   `export const HARD_DENIES: HardDeny[] = [...]` — 43-entry registry of path globs
  (.env*, *.pem, *.key, .ssh/**, *id_rsa*, credentials*, moltbot.json, ...) and command patterns
  (sudo, doas, pkexec, npm/pnpm/yarn/bun publish, rm -rf /, mkfs, dd if=, kubectl apply,
  helm install/upgrade, terraform apply, vercel, fly deploy, wrangler deploy, cdk deploy,
  serverless deploy, gh release create, systemctl --user restart, moltbot gateway restart, ...).
- src/goal/hard-deny.ts:121 `export function checkPathDeny(filePath, hardDenies = HARD_DENIES): HardDeny | null`
  — resolves realpath (with ENOENT fallback), basename, and matches against path globs.
- src/goal/hard-deny.ts:1302 `export function checkCommandDeny(command, hardDenies = HARD_DENIES): HardDeny | null`
  — token-aware command deny check; the docstring at hard-deny.ts:1293 explicitly notes that
  substring matching is avoided to prevent false positives.
- src/goal/hard-deny.ts:1250 `function checkCommandDenyRecursive(...)` — depth-bounded (max 8) recursive
  scan across compound commands (split by `;`, `&&`, `||`, `|`), command substitutions
  (`$(...)`, backticks), process substitutions (`<(...)`, `>(...)`), shell `-c` payloads,
  and inline interpreter code (python -c, node -c, perl/ruby -e).
- src/goal/hard-deny.ts:1105 `function isDangerousRm(tokens)` — token-aware check that the only `rm`
  pattern denied is `-r/-f` with `/`, `~`, `$HOME`, `.`, or empty target.

Capability enforcement wiring (where the deny-check is applied at the tool boundary):
- src/goal/capability-enforcement.ts:10 imports `checkCommandDeny` and `checkPathDeny` from hard-deny.
- src/goal/capability-enforcement.ts:44 `export function createEnforcedBashOperations(hardDenies, onDenied, defaultOps): BashOperations`
- src/goal/capability-enforcement.ts:50-56 `exec(command, cwd, options)` — calls `checkCommandDeny(command, hardDenies)`
  before delegating to defaultOps.exec; on a match it writes a `Denied: <reason>...` line to
  the worker's stdout buffer, fires `onDenied`, and returns `{ exitCode: 126 }` WITHOUT spawning.
- src/goal/capability-enforcement.ts:66 `export function createEnforcedCodingTools(...)` —
  produces the worker's Read/Write/Edit/Bash tool surface with bash wrapped by the deny gate
  and Read/Write/Edit wrapped via `wrapFsTool` (capability-enforcement.ts:93).

== SAFE RUNTIME DENIAL PROBE ==

Probe script: RELEASE_AUDIT/README_VERIFY/artifacts/claim-16-denial-probe.mjs
Loader: tsx (Node ESM via `--import tsx`) so we call the TypeScript source directly.
The probe only invokes the pure functions `checkCommandDeny` and `checkPathDeny`; it does NOT
shell out, spawn, or otherwise execute any of the fake forbidden strings. The strings are
plain JS arguments to pure JS predicates.

Command: node --import tsx RELEASE_AUDIT/README_VERIFY/artifacts/claim-16-denial-probe.mjs
Exit code: 0
Failures: 0 / 9

Verbatim probe stdout:

HARD_DENIES total entries: 43

=== command deny probe ===
[PASS] rm-rf-root           input="rm -rf /"                               shouldDeny=true got=DENY(rm -rf /: Recursive root deletion not permitted)
[PASS] sudo-prefix          input="sudo cat /etc/shadow"                   shouldDeny=true got=DENY(sudo: Elevated privileges not permitted)
[PASS] npm-publish          input="npm publish"                            shouldDeny=true got=DENY(npm publish: Publishing not permitted)
[PASS] kubectl-apply        input="kubectl apply -f manifest.yaml"         shouldDeny=true got=DENY(kubectl apply: Deployment not permitted)
[PASS] harmless-echo        input="echo hello world"                       shouldDeny=false got=ALLOW

=== path deny probe ===
[PASS] env-file             input=".env"                                   shouldDeny=true got=DENY(.env*: Environment files may contain secrets)
[PASS] ssh-private-key      input="/home/user/.ssh/id_rsa"                 shouldDeny=true got=DENY(.ssh/**: SSH config may contain secrets)
[PASS] credentials-json     input="credentials.json"                       shouldDeny=true got=DENY(credentials*: Credential files are sensitive)
[PASS] harmless-readme      input="README.md"                              shouldDeny=false got=ALLOW

failures: 0

== INTERPRETATION ==

- The pure deny-check functions correctly return a HardDeny descriptor for each of the four
  fake forbidden command inputs and three fake forbidden path inputs, and correctly return
  null for the harmless baselines.
- The denial decision is data-driven from a single registry (HARD_DENIES) consumed by both
  the bash exec wrapper (capability-enforcement.ts:50-56) and the FS Read/Write/Edit wrappers
  (capability-enforcement.ts:93-...), so a worker process cannot run, read, write, or edit a
  denied target through the standard tool surface — the wrapper returns exit code 126 and a
  `Denied: ...` message before any side effect occurs.

== SAFE README WORDING ==

OK to say: "Hard-deny rules block dangerous commands and sensitive file paths at the worker
tool boundary."
OK to say: "Token-aware deny matcher; harmless near-misses (e.g. echoing the word `sudo`,
a filename containing `deploy`) are not flagged."
OK to say: "Workers cannot bypass deny by piping, command substitution, shell -c, or inline
python/node/perl/ruby -c snippets."

== UNSAFE WORDING TO AVOID ==

Avoid: "Sandbox" — this is a deny list at the tool boundary, not a kernel sandbox.
Avoid: "Cannot be bypassed" / "uncircumventable" — this is a best-effort token-aware filter;
recursion depth is bounded at 8 and a worker invoking subprocesses outside the wrapped bash
tool (e.g. via a non-injected child_process import in vendored code) is not covered.
Avoid promising any specific exit code or message wording in the README.

STATUS: verified
REASON: The pure deny-check functions are exported from src/goal/hard-deny.ts and wired into
the worker tool surface at src/goal/capability-enforcement.ts:50-56 and 93-...; a safe in-process
probe of `checkCommandDeny`/`checkPathDeny` on four fake forbidden commands and three fake
forbidden paths returned a HardDeny match for every dangerous input and null for every
harmless baseline (9/9 PASS, exit 0). No dangerous command was executed.
