=== Command ===
MOLTBOT_STATE_DIR=$PWD/RELEASE_AUDIT/README_VERIFY/_state node scripts/run-node.mjs goal "Add a short docstring to scripts/run-node.mjs" --plan-only --output json

=== Captured at ===
2026-05-15T15:52:11Z

=== Working dir ===
/home/matt/moltbot

=== Exit code ===
0

=== stdout (captured) ===
(empty - --output json with --plan-only suppressed terminal output; plan was persisted to disk under MOLTBOT_STATE_DIR)

=== stderr (captured) ===
(empty)

=== State directory created ===
RELEASE_AUDIT/README_VERIFY/_state/goals/5e1de960-5456-4dc2-a1c7-a1bdf231cdc6/

=== Files persisted ===
  RELEASE_AUDIT/README_VERIFY/_state/goals/5e1de960-5456-4dc2-a1c7-a1bdf231cdc6/run.json (2923 bytes)
  RELEASE_AUDIT/README_VERIFY/_state/goals/5e1de960-5456-4dc2-a1c7-a1bdf231cdc6/scout/attempt-1.json (2265 bytes)
  RELEASE_AUDIT/README_VERIFY/_state/goals/5e1de960-5456-4dc2-a1c7-a1bdf231cdc6/scout/auth_mode.txt (118 bytes)
  RELEASE_AUDIT/README_VERIFY/_state/goals/5e1de960-5456-4dc2-a1c7-a1bdf231cdc6/scout/execution_plan.json (2403 bytes)
  RELEASE_AUDIT/README_VERIFY/_state/goals/5e1de960-5456-4dc2-a1c7-a1bdf231cdc6/scout/node_specs/add-run-node-docstring.md (1219 bytes)
  RELEASE_AUDIT/README_VERIFY/_state/goals/5e1de960-5456-4dc2-a1c7-a1bdf231cdc6/scout/plan_draft.md (1552 bytes)
  RELEASE_AUDIT/README_VERIFY/_state/goals/5e1de960-5456-4dc2-a1c7-a1bdf231cdc6/scout/PLANNING_BRIEF.md (17616 bytes)
  RELEASE_AUDIT/README_VERIFY/_state/goals/5e1de960-5456-4dc2-a1c7-a1bdf231cdc6/scout/planning_raw_output.txt (2249 bytes)
  RELEASE_AUDIT/README_VERIFY/_state/goals/5e1de960-5456-4dc2-a1c7-a1bdf231cdc6/scout/planning_stderr.txt (0 bytes)
  RELEASE_AUDIT/README_VERIFY/_state/goals/5e1de960-5456-4dc2-a1c7-a1bdf231cdc6/scout/planning_stdout.txt (2249 bytes)
  RELEASE_AUDIT/README_VERIFY/_state/goals/5e1de960-5456-4dc2-a1c7-a1bdf231cdc6/scout/scout_report.json (347 bytes)

=== run.json top-level keys ===
  - runId
  - goal
  - state
  - plan
  - stepResults
  - blocked
  - answers
  - workingDir
  - dryRun
  - createdAt
  - updatedAt
  - scoutStatus

=== run.json state / scoutStatus / dryRun / blocked ===
  state: planning
  scoutStatus: success
  dryRun: false
  blocked: null

=== Confirmation that ~/.moltbot/goals/ was NOT touched for this run ===
  OK: run id 5e1de960-5456-4dc2-a1c7-a1bdf231cdc6 is NOT present under ~/.moltbot/goals/

STATUS: verified
REASON: Plan-only invocation with MOLTBOT_STATE_DIR redirected to RELEASE_AUDIT/README_VERIFY/_state/ created run id 5e1de960-5456-4dc2-a1c7-a1bdf231cdc6 with run.json + scout artifacts entirely inside the audit tree; no artifacts leaked to ~/.moltbot/. Exit code 0 with empty stdout/stderr (expected for --output json --plan-only which persists to disk rather than printing). README wording 'moltbot goal "<task>" --plan-only' is verified as the actual CLI surface.
