Claim 10 - Blocked-loop behavior (keep running the DAG until blocked,
                                  then report blockage to the operator)
======================================================================

Method: Static inspection only. No CLI / live tests executed.

Findings:

1. The execution loop is DAG-driven and continues until no task is
   runnable:
   - src/goal/agent-executor.ts:252 (orderedSteps =
     orderStepsCriticalPathFirst(plan.steps, scores))
   - src/goal/agent-executor.ts:310 (`while (true) { ... }` main task
     loop)
   - src/goal/agent-executor.ts:333-334 (`const runnable =
     findRunnableTasks(...); if (runnable.length === 0) break;`)
   - src/goal/agent-executor.ts:336 (pickNextTask selects the next
     runnable task by score, dependency successors, and last-executed
     locality)

2. Runnability is gated on completed dependencies, not on optimism:
   - src/goal/agent-executor.ts:1158-1177 (findRunnableTasks: a step
     is runnable only when every dep is `done`; a `blocked` step is
     reconsidered only when an operator answer is available or the
     scheduler explicitly retries it)
   - src/goal/agent-executor.ts:340-350 (when a blocked task is
     resurrected via an operator answer, its blocked state is cleared
     before re-entering execution)

3. The system tells the operator each time a task becomes blocked,
   provided there is still other work to do in parallel:
   - src/goal/agent-executor.ts:704-714 (when a task gets a
     `blockedReason` and the DAG still has runnable tasks elsewhere,
     `onStatusChange({ type: "step_blocked", stepId, question,
     steps })` fires so the channel surfaces the blocker to the
     operator)

4. Fatal blockers stop the whole DAG, non-fatal ones do not:
   - src/goal/agent-executor.ts:62-63 (imports FATAL_ERRORS from
     agent-executor-helpers.js)
   - src/goal/agent-executor.ts:695-702 (if a blocked task's reason
     is in FATAL_ERRORS, the loop sets stopAllTasks = true)
   - src/goal/agent-executor.ts:716-726 (when stopAllTasks fires,
     remaining pending tasks are converted to blocked with the same
     global block reason, and the outer loop terminates)

5. When the loop exits with at least one undone step, the run is
   marked blocked and a single fully_blocked event is emitted with
   the aggregated reason:
   - src/goal/agent-executor.ts:1074-1098 (aggregateBlockedDetails or
     a synthesized "Steps stuck" fallback builds the BlockedDetail)
   - src/goal/agent-executor.ts:1099-1109 (`session.state = "blocked";
     ... onStatusChange({ type: "fully_blocked", steps });` and the
     function returns `{ status: "blocked", question, requiredInputKey,
     blockedAt }`)

Implementation summary:
- The harness keeps draining the DAG: any step whose dependencies are
  done and which is not blocked or failed gets picked up.
- Per-step blockers are reported to the operator immediately when
  parallel work is still available, but they do not halt the run.
- The run only "fully blocks" once `findRunnableTasks` returns empty,
  at which point a single aggregated reason is emitted and the run
  state transitions to `blocked`.

Safe README wording:
- "SmithersBot keeps executing tasks across the DAG until every
  remaining step is either done or waiting on operator input, then
  reports the blockage to the operator with a single consolidated
  question."

Unsafe wording to avoid:
- "SmithersBot retries until it finishes." (it stops when no task is
  runnable; only one type of block - fatal - aborts the rest of the
  DAG).

STATUS: verified
REASON: The DAG-progression loop, the per-step block notification, the
fatal-vs-recoverable distinction, and the aggregated final-blocked
report are all implemented in agent-executor.ts with explicit
path:line evidence.
