# Claim 07 — Checkpoint / recoverability

## Goal
Verify whether the system creates local checkpoint commits or other
recoverability points before risky steps. Use the wording "local checkpoint
commits" or "recoverability checkpoints" — never "pushes to git".

## Static inspection

### What is a "checkpoint" here

A checkpoint is a per-task pair (recorded into the run's session state)
that captures:
1. an autosave commit of any dirty working-tree state immediately before
   the task starts (the "beforeCommit"), and
2. the resulting HEAD SHA (the "baseSha") — the precise point the worker
   will be reverted to if recovery is needed.

This is a local-only mechanism: it lives inside the working-tree git
repository on the host that ran the goal. It never invokes `git push`
on its own during the per-task loop; the only push path
(`pushRunBranch`) is gated by an explicit `isRepoPrivate` check and is
called separately from `gh pr create` plumbing — not from per-task
recovery.

### Code path citations

Definition / API:
- src/goal/git-checkpoint.ts:7-9 — GitResult / GitCommitResult result types.
- src/goal/git-checkpoint.ts:289-294 — `autosaveIfDirty(cwd, message)`:
  `git add -A` + `git commit -m` only if the tree is dirty (returns
  `{success:true}` when clean — no-op).
- src/goal/git-checkpoint.ts:296-309 — `startTaskCheckpoint(cwd, taskId)`:
  calls autosaveIfDirty first, then `getHeadSha`, and emits a
  `TaskCheckpoint { baseSha, beforeCommit? }`.
- src/goal/git-checkpoint.ts:311-322 — `finalizeTaskCheckpoint(cwd, taskId, summary)`:
  commits the worker's changes with a `claw: <taskId> - <summary>`
  message when the worker finishes a step.
- src/goal/git-checkpoint.ts:337-361 — `commitAll`: atomic `git add -A`
  + `git commit -m`; tolerates "nothing to commit" / submodule-only
  dirty trees (see :42-50 isNoStagedChangesCommitError).
- src/goal/git-checkpoint.ts:193-209 — `ensureRunBranch`: creates the
  per-run local branch `claw/run/<UTC>-<runId>` (RUN_BRANCH_PREFIX at :11).
- src/goal/build-gate.ts:195-211 — `resetToTaskBaseSha`: `git reset --hard
  <baseSha>` — this is the recovery step that reverts a task to its
  checkpoint when ralph / build-gate / review fails.

Wiring into the executor:
- src/goal/agent-executor.ts:29 — imports `resetToTaskBaseSha`.
- src/goal/agent-executor.ts:38,42,43,47-48 — imports
  `autosaveIfDirty, ensureRunBranch, finalizeTaskCheckpoint,
  startTaskCheckpoint` from `git-checkpoint`.
- src/goal/agent-executor.ts:210 — refuses to enable checkpoints when
  workingDir is not a git repo (clear error rather than silent skip).
- src/goal/agent-executor.ts:221 — `autosaveIfDirty(workingDir, message)`
  at run startup (one-time pre-flight autosave).
- src/goal/agent-executor.ts:238 — `ensureRunBranch(workingDir, runId, ...)`
  creates / re-uses the per-run local branch.
- src/goal/agent-executor.ts:385-399 — Git task checkpoint at task start:
  `startTaskCheckpoint(workingDir, task.id)` → records into
  `session.taskCheckpoints[task.id]` and emits a progress line
  `[git] Task base <sha7>`.
- src/goal/agent-executor.ts:465 — `finalizeTaskCheckpoint(workingDir,
  task.id, task.taskSummary)` after a successful task → produces the
  per-task `claw: <taskId> - <summary>` commit.
- src/goal/agent-executor.ts:499 — `resetToTaskBaseSha(workingDir,
  session.taskCheckpoints?.[task.id]?.baseSha)` on the failure /
  recovery path: the recovery step uses the recorded baseSha to revert.
- src/goal/agent-executor.ts:540-546 — uses the same baseSha as the
  semgrep "changed files since checkpoint" scope, proving the
  checkpoint is the single source of truth for "what this task changed".
- src/goal/agent-executor.ts:609-620 — second `resetToTaskBaseSha`
  invocation on a different failure branch (build-gate / review).
- src/goal/types.ts:166 — `TaskCheckpoint { baseSha: string; beforeCommit?: string }`.
- src/goal/post-execution-review.ts:157-161 — post-execution review
  derives the diff range from the first task's `checkpoints[step.id].baseSha`
  to the latest, demonstrating checkpoints are persisted and reusable
  beyond the active task.

Test coverage (existence proof):
- src/goal/git-checkpoint.test.ts:84-90 — `startTaskCheckpoint records
  baseSha and beforeCommit when dirty`.
- src/goal/git-checkpoint.unit.test.ts — unit-level coverage.
- src/goal/git-checkpoint.autosave.test.ts — autosave-only coverage.
- src/goal/git-checkpoint.push.test.ts — push-path coverage (separate
  from per-task recovery).
- src/goal/agent-executor.test.ts:507/565/635/713/789/828/869/1126/1166 —
  multiple executor tests seed `session.taskCheckpoints = { "1": { baseSha: ... } }`,
  exercising the recovery code path with realistic state.

### What it is NOT

- It is NOT a git push of any kind during the task loop. `pushRunBranch`
  (src/goal/git-checkpoint.ts:211-238) exists, but is privacy-gated
  (`isRepoPrivate` at :221) and is invoked only when a separate
  PR-creation flow runs, not during per-task recovery.
- It is NOT a stash. No `git stash` calls anywhere in
  git-checkpoint.ts.
- It is NOT a database snapshot. Disk-only, plain git.

## Safe README wording
- "Before each task starts, the system creates a **local checkpoint commit**
  on a per-run branch so worker changes can be reverted if recovery is
  needed."
- "On failure, the executor restores the working tree to the task's
  recorded **recoverability checkpoint** via `git reset --hard <baseSha>`
  and lets the worker retry from a known-good state."
- "Checkpoint commits and the per-run branch stay local; nothing is
  pushed to a remote unless you explicitly opt in."

## Unsafe README wording to avoid
- "automatically pushes to git after each step"  ← FALSE.
- "auto-pushes to your origin"                    ← FALSE.
- "git stash"                                     ← not the mechanism in use.
- "snapshots your entire repo"                    ← it commits dirty state, doesn't snapshot ignored files / untracked-and-ignored.

STATUS: verified
REASON: Per-task local checkpoint commits are implemented and wired into the executor's task loop. `startTaskCheckpoint` (git-checkpoint.ts:296) runs an `autosaveIfDirty` plus `getHeadSha` at task entry; `finalizeTaskCheckpoint` (git-checkpoint.ts:311) commits successful worker output; `resetToTaskBaseSha` (build-gate.ts:195) reverts on failure. The executor wires all three at agent-executor.ts:388, 465, 499, and 609. No `git push` is invoked from the per-task recovery path. Safe README wording is "local checkpoint commits" or "recoverability checkpoints".
