Claim 02 — Telegram goal creation
=================================

Goal: locate the /new_goal handler entry point in src/telegram/ with >=2
path:line citations and decide whether a live Telegram demo can run in
this goal worker session.

Method: static inspection only (Grep + Read). No live Telegram message
was sent.

Code evidence
-------------

1. Command registration (handler entry)
   src/telegram/goal-commands.ts:1959-1960

       // /new_goal <text> (with /goal as backward-compatible alias)
       bot.command(["new_goal", "goal"], async (ctx: TelegramGoalCommandContext) => {

   The Telegram bot binds both `/new_goal` and the legacy `/goal` alias
   to the same async handler. The handler resolves auth, captures the
   reply-to message id, and either calls handleGoal("", cfg) for the
   empty-text help reply or schedules runGoalInBackground -> handleGoal
   to plan the goal.

2. Command spec / bot menu
   src/telegram/goal-commands.ts:97-99

       export const GOAL_COMMAND_SPECS: Array<{ command: string; description: string }> = [
         { command: "new_goal", description: "Plan a new goal (shows plan for approval)" },

   /new_goal is the first entry in the published Telegram command set,
   so it is the documented public entrypoint.

3. Empty-input fallback / usage string
   src/telegram/goal-commands.ts:484-487

       export async function handleGoal(text: string, config?: MoltbotConfig): Promise<GoalPlanResult> {
         if (!text.trim()) {
           return { text: "Usage: /new_goal <description of what you want to achieve>" };
         }

   Confirms the user-visible /new_goal prompt shape.

4. Help text shown by the Moltbot Telegram entrypoint
   src/telegram/bot-handlers.ts:54-58

       "Moltbot goal mode:",
       "",
       "• /new_goal <description> — create a plan",
       "• Approve: use buttons on the plan, react ❤️/👍, or /goal_approve <id>",
       "• Reject: use 👎 button, react 👎, or /goal_reject <id>",

   This is the bot's own self-description of the goal flow surface.

5. Test harness reachability of the registered handler
   src/telegram/goal-commands.test.ts:3094, 3205

       describe("registerTelegramGoalCommands /new_goal", () => {
       ...
       const newGoalHandler = harness.handlers.new_goal;

   Confirms registerTelegramGoalCommands actually exposes a callable
   handler under the "new_goal" key in tests, matching production wiring.

Live-test posture
-----------------

A live Telegram demo would require a running Moltbot gateway, an
authenticated Telegram bot token, and a real chat. None of that can be
exercised inside this goal worker:

  * The gateway service must not be restarted during goal execution
    (hard deny on systemctl --user restart and moltbot gateway restart).
  * Sending real Telegram messages from this worker would create
    user-visible side effects and is explicitly out of scope (the goal
    brief says "Do not send Telegram messages to a live bot").
  * No Telegram bot credentials are present in the worker environment.

Therefore the runtime portion of this claim is marked manual-required.
The code path itself is verified: the `/new_goal` command is wired,
documented, tested, and reachable.

Safe README wording (drawn from code, not aspirational)
-------------------------------------------------------

  * "Start a goal from Telegram with /new_goal <description>; the bot
    replies with the plan for approval before any work runs."
  * "The same goal pipeline is also reachable from the CLI."

Unsafe wording to avoid
-----------------------

  * "Fully automated Telegram approval" — buttons, reactions and
    /goal_approve are all manual operator actions.
  * "Verified end-to-end via Telegram in this audit" — this audit did
    not send a live Telegram message; only the handler is verified.

STATUS: partial
REASON: handler is verified at goal-commands.ts:1959-1960 with multiple
supporting citations, but live Telegram send/receive was not exercised
in this worker; live demo is manual-required.
